3
+TERRAIN: 129 11 2 fallen rocks, no passage 
-MOONGATE: 5515 11 0 up 
-MOONGATE: 5515 11 1 up 
-POINTOFINTEREST: 430 17 2 classroom 
-POINTOFINTEREST: 461 17 2 classroom 
-STAIRS: 5875 19 0 up 
-STAIRS: 5875 19 1 up 
-POINTOFINTEREST: 279 20 2 laboratory 
-MOONGATE: 5491 20 0 down 
-MOONGATE: 5491 20 1 down 
-POINTOFINTEREST: 2126 22 2 throne room 
-POINTOFINTEREST: 305 24 2 workshop 
-STAIRS: 243 26 2 up 
-STAIRS: 370 30 2 down 
-STAIRS: 2188 33 2 up 
-STAIRS: 359 41 2 down 
-POINTOFINTEREST: 336 43 2 lecture room 
-POINTOFINTEREST: 109 46 2 laboratory 
-POINTOFINTEREST: 6054 47 0 gargoyle cage 
-POINTOFINTEREST: 6054 47 1 gargoyle cage 
-POINTOFINTEREST: 237 48 2 alchemy workshop + rifts 
-POINTOFINTEREST: 2169 48 2 Lich + Lich Lord 
-STAIRS: 285 66 2 down 
-POINTOFINTEREST: 397 69 2 barracks 
-POINTOFINTEREST: 455 71 2 kitchen 
-STAIRS: 285 74 2 up 
-POINTOFINTEREST: 265 85 2 library 
-POINTOFINTEREST: 2120 85 2 ritual room 
-STAIRS: 154 89 2 up 
-STAIRS: 6057 89 0 up 
-STAIRS: 6057 89 1 up 
-POINTOFINTEREST: 309 90 2 gathering hall 
-STAIRS: 5905 97 0 down 
-STAIRS: 5905 97 1 down 
-MOONGATE: 5604 102 0 down 
-MOONGATE: 5604 102 1 down 
-POINTOFINTEREST: 2173 116 2 Conference Room 
-STAIRS: 266 129 2 down 
-STAIRS: 133 130 2 up 
-GATE: 2174 140 2 gates 
-STAIRS: 273 141 2 up 
-GATE: 2147 141 2 gate 
-POINTOFINTEREST: 2228 141 2 laboratory 
-STAIRS: 6081 145 0 up 
-STAIRS: 6081 145 1 up 
-STAIRS: 5707 146 0 down to ice fiend lair 
-STAIRS: 5707 146 1 down to ice fiend lair 
-MOONGATE: 5514 147 0 up 
-MOONGATE: 5514 147 1 up 
-POINTOFINTEREST: 2187 148 2 ritual room 
-POINTOFINTEREST: 2110 153 2 small shrine room 
-STAIRS: 5507 162 0 down 
-STAIRS: 5507 162 1 down 
-POINTOFINTEREST: 2184 168 2 store room 
-STAIRS: 5920 169 0 down 
-STAIRS: 5920 169 1 down 
-STAIRS: 5973 169 0 up 
-STAIRS: 5973 169 1 up 
-STAIRS: 5538 170 0 down 
-STAIRS: 5538 170 1 down 
-STAIRS: 5513 175 0 up 
-STAIRS: 5513 175 1 up 
-POINTOFINTEREST: 2219 176 2 holding room 
-POINTOFINTEREST: 6085 178 0 balron room 
-POINTOFINTEREST: 6085 178 1 balron room 
-STAIRS: 6039 193 0 down 
-STAIRS: 6039 193 1 down 
-POINTOFINTEREST: 5580 195 0 mage tower 
-POINTOFINTEREST: 5580 195 1 mage tower 
-EXIT: 6044 226 0 the death trap 
-EXIT: 6044 226 1 the death trap 
-STAIRS: 5850 237 0 down 
-STAIRS: 5850 237 1 down 
-STAIRS: 2188 293 2 down 
-STAIRS: 5701 305 0 up 
-STAIRS: 5701 305 1 up 
-POINTOFINTEREST: 5673 323 0 ice fiend lair 
-POINTOFINTEREST: 5673 323 1 ice fiend lair 
-STAIRS: 5832 325 0 up 
-STAIRS: 5832 325 1 up 
-POINTOFINTEREST: 5830 357 0 ratman fort 
-POINTOFINTEREST: 5830 357 1 ratman fort 
-STAIRS: 5305 530 0 up 
-STAIRS: 5305 530 1 up 
-POINTOFINTEREST: 5826 531 0 torture chamber 
-POINTOFINTEREST: 5826 531 1 torture chamber 
-TELEPORTER: 5691 569 0 down 
-TELEPORTER: 5691 569 1 down 
-POINTOFINTEREST: 5424 570 0 shrine 
-POINTOFINTEREST: 5424 570 1 shrine 
-STAIRS: 5503 570 0 down 
-STAIRS: 5503 570 1 down 
-STAIRS: 5346 578 0 down 
-STAIRS: 5346 578 1 down 
-STAIRS: 5216 586 0 down 
-STAIRS: 5216 586 1 down 
-TELEPORTER: 5828 593 0 up 
-TELEPORTER: 5828 593 1 up 
-POINTOFINTEREST: 5146 616 0 skeleton prison 
-POINTOFINTEREST: 5146 616 1 skeleton prison 
-POINTOFINTEREST: 5294 624 0 skeletal magi 
-POINTOFINTEREST: 5294 624 1 skeletal magi 
-POINTOFINTEREST: 5507 626 0 shrine 
-POINTOFINTEREST: 5507 626 1 shrine 
-STAIRS: 5137 649 0 up 
-STAIRS: 5137 649 1 up 
-STAIRS: 5305 651 0 up 
-STAIRS: 5305 651 1 up 
-STAIRS: 5524 673 0 up 
-STAIRS: 5524 673 1 up 
-POINTOFINTEREST: 5275 676 0 lava room 
-POINTOFINTEREST: 5275 676 1 lava room 
-POINTOFINTEREST: 5308 676 0 pit 
-POINTOFINTEREST: 5308 676 1 pit 
-POINTOFINTEREST: 5386 681 0 vault 
-POINTOFINTEREST: 5386 681 1 vault 
-POINTOFINTEREST: 5267 691 0 treasure chamber 
-POINTOFINTEREST: 5267 691 1 treasure chamber 
-POINTOFINTEREST: 5219 731 0 unholy temple 
-POINTOFINTEREST: 5219 731 1 unholy temple 
-POINTOFINTEREST: 5151 742 0 catacomb 
-POINTOFINTEREST: 5151 742 1 catacomb 
-POINTOFINTEREST: 5313 746 0 crypt 
-POINTOFINTEREST: 5313 746 1 crypt 
-POINTOFINTEREST: 5472 754 0 shrine 
-POINTOFINTEREST: 5472 754 1 shrine 
-STAIRS: 5386 756 0 down 
-STAIRS: 5386 756 1 down 
-STAIRS: 5219 761 0 down 
-STAIRS: 5219 761 1 down 
-SHRINE: 5205 776 0 shrine 
-SHRINE: 5205 776 1 shrine 
-STAIRS: 5143 799 0 up 
-STAIRS: 5143 799 1 up 
-STAIRS: 5151 809 0 down 
-STAIRS: 5151 809 1 down 
-POINTOFINTEREST: 2050 837 2 prison cells 
-POINTOFINTEREST: 2178 837 2 prison cells 
-EXIT: 2385 837 0 in 
-EXIT: 2385 837 1 in 
-POINTOFINTEREST: 5452 843 0 statue 
-POINTOFINTEREST: 5452 843 1 statue 
-POINTOFINTEREST: 5385 851 0 shrine 
-POINTOFINTEREST: 5385 851 1 shrine 
-EXIT: 2545 853 0 in 
-EXIT: 2545 853 1 in 
-POINTOFINTEREST: 2178 859 2 a very bloody kitchen 
-EXIT: 2456 859 0 out 
-EXIT: 2456 859 1 out 
-STAIRS: 5410 859 0 up 
-STAIRS: 5410 859 1 up 
-POINTOFINTEREST: 2050 860 2 torture room 
-POINTOFINTEREST: 5474 867 0 shrine 
-POINTOFINTEREST: 5474 867 1 shrine 
-EXIT: 10 872 2 Ki-rin Reserve [Ilshen's Tomb] 
-EXIT: 2421 884 0 out 
-EXIT: 2421 884 1 out 
-STAIRS: 5130 908 0 down 
-STAIRS: 5130 908 1 down 
-POINTOFINTEREST: 2115 916 2 death vortex 
-POINTOFINTEREST: 5247 939 0 here be dragons 
-POINTOFINTEREST: 5247 939 1 here be dragons 
-POINTOFINTEREST: 2083 952 2 blood waterfall 
-POINTOFINTEREST: 2146 955 2 blood waterfall 
-POINTOFINTEREST: 5142 967 0 ancient wyrm lair 
-POINTOFINTEREST: 5142 967 1 ancient wyrm lair 
-EXIT: 1862 982 2 Spider Cave (spider shrine) 
-STAIRS: 5135 985 0 up 
-STAIRS: 5135 985 1 up 
-POINTOFINTEREST: 5450 1004 0 shrine 
-POINTOFINTEREST: 5450 1004 1 shrine 
-POINTOFINTEREST: 1982 1021 2 throne room 
-POINTOFINTEREST: 2114 1028 2 blood pentagram 
-STAIRS: 5364 1289 0 down 
-STAIRS: 5364 1289 1 down 
-EXIT: 5402 1289 0 Khaldun (back door) 
-POINTOFINTEREST: 5313 1291 0 Orc Forge 
-POINTOFINTEREST: 5313 1291 1 Orc Forge 
+TELEPORTER: 5395 1297 0 teleporter 4b 
-EXIT: 5573 1300 0 Khaldun (main) 
-POINTOFINTEREST: 54 1301 2 jails 
-POINTOFINTEREST: 5340 1306 0 Lava Forges 
-POINTOFINTEREST: 5340 1306 1 Lava Forges 
+TELEPORTER: 5572 1307 0 teleporter 2b 
-POINTOFINTEREST: 5324 1308 0 Orc "Shrine" 
-POINTOFINTEREST: 5324 1308 1 Orc "Shrine" 
-POINTOFINTEREST: 5555 1313 0 wall 
-POINTOFINTEREST: 5289 1315 0 Corpser Pen 
-POINTOFINTEREST: 5289 1315 1 Corpser Pen 
+TELEPORTER: 5555 1317 0 teleporter 4a 
-STAIRS: 5701 1318 0 up 
-STAIRS: 5701 1318 1 up 
-POINTOFINTEREST: 5332 1323 0 Cider Store 
-POINTOFINTEREST: 5332 1323 1 Cider Store 
-POINTOFINTEREST: 5443 1323 0 crypt 
+TELEPORTER: 5388 1325 0 big teleporter 
-POINTOFINTEREST: 1012 1330 0 altar 
+GRAVEYARD: 131 1331 2 graveyard 
-POINTOFINTEREST: 5356 1331 0 Bed Chambers 
-POINTOFINTEREST: 5356 1331 1 Bed Chambers 
-POINTOFINTEREST: 5552 1332 0 council chamber 
-STAIRS: 5787 1337 0 down 
-STAIRS: 5787 1337 1 down 
+TELEPORTER: 5565 1338 0 teleporter 1a 
-POINTOFINTEREST: 5291 1339 0 Blood Well 
-POINTOFINTEREST: 5291 1339 1 Blood Well 
-POINTOFINTEREST: 5513 1339 0 wall 
-POINTOFINTEREST: 5387 1341 0 forge 
-POINTOFINTEREST: 5436 1341 0 laboratory 
+TELEPORTER: 5620 1341 0 teleporter 1b 
+TELEPORTER: 5527 1342 0 teleporter 3a 
-POINTOFINTEREST: 5605 1343 0 The Harrower's pool 
-POINTOFINTEREST: 5473 1348 0 wall 
-POINTOFINTEREST: 5479 1348 0 pit 
-POINTOFINTEREST: 5331 1349 0 Pen 
-POINTOFINTEREST: 5331 1349 1 Pen 
-POINTOFINTEREST: 5564 1354 0 altar 
+TELEPORTER: 5542 1356 0 teleporter 2a 
-POINTOFINTEREST: 5402 1360 0 hidden switch 
-POINTOFINTEREST: 5453 1361 0 statue 
-POINTOFINTEREST: 5364 1363 0 Armoury 
-POINTOFINTEREST: 5364 1363 1 Armoury 
-POINTOFINTEREST: 5457 1364 0 wall 
-EXIT: 80 1365 2 Ilshen's Tomb [Serpentine Passage] 
-POINTOFINTEREST: 5524 1367 0 moving wall 
-POINTOFINTEREST: 51 1370 2 dining hall 
-POINTOFINTEREST: 5306 1371 0 Jail Cell 
-POINTOFINTEREST: 5306 1371 1 Jail Cell 
-POINTOFINTEREST: 5452 1374 0 bottom of pit 
-POINTOFINTEREST: 80 1376 2 music room 
-STAIRS: 5331 1379 0 up 
-STAIRS: 5331 1379 1 up 
-POINTOFINTEREST: 107 1390 2 anhk room 
-POINTOFINTEREST: 5523 1394 0 pile of skulls 
-POINTOFINTEREST: 5444 1395 0 traps 
-POINTOFINTEREST: 5491 1395 0 sarcophagi 
+TELEPORTER: 5412 1396 0 teleporter 3b 
-POINTOFINTEREST: 5460 1409 0 brazier 
-POINTOFINTEREST: 5647 1411 0 mage tower 
-POINTOFINTEREST: 5647 1411 1 mage tower 
-POINTOFINTEREST: 31 1412 2 armoury 
-POINTOFINTEREST: 5460 1418 0 secret passage 
-POINTOFINTEREST: 5395 1419 0 altar 
-POINTOFINTEREST: 5459 1426 0 switch 
-STAIRS: 956 1427 2 down 
-POINTOFINTEREST: 123 1435 2 mausoleum 
-STAIRS: 870 1435 2 up 
-STAIRS: 842 1436 2 down 
-BRIDGE: 5483 1440 0 bridge 
-STAIRS: 953 1443 2 up 
-POINTOFINTEREST: 5452 1443 0 sarcophagi 
-POINTOFINTEREST: 63 1447 2 alchemy room 
-STAIRS: 894 1451 2 down 
-STAIRS: 947 1466 2 down 
-POINTOFINTEREST: 5396 1467 0 sarcophagi 
-POINTOFINTEREST: 61 1470 2 library 
-POINTOFINTEREST: 88 1471 2 tarot room 
-POINTOFINTEREST: 890 1471 2 armoury 
-POINTOFINTEREST: 5453 1484 0 Temple of the Zealots 
-POINTOFINTEREST: 831 1485 2 barracks 
-POINTOFINTEREST: 5422 1490 0 pool of blood 
-STAIRS: 692 1491 2 down 
-STAIRS: 713 1491 2 up 
-STAIRS: 877 1491 2 up 
-POINTOFINTEREST: 39 1492 2 armoury 
-POINTOFINTEREST: 1416 1498 2 throneroom 
-POINTOFINTEREST: 899 1506 2 statue room 
-STAIRS: 724 1507 2 down 
-STAIRS: 1250 1510 2 up 
-STAIRS: 1268 1510 2 down 
-POINT: 1179 1512 2 skeletal dragon lair 
-EXIT: 11 1521 2 Ilshen's Tomb [Ki-rin Reserve] 
-POINTOFINTEREST: 119 1529 2 jails, stable + torture rooms 
-POINTOFINTEREST: 870 1529 2 dining room 
+TELEPORTER: 787 1537 2  
-POINTOFINTEREST: 1290 1538 2 diamond room 
+TELEPORTER: 747 1539 2 to north room 
+TELEPORTER: 783 1539 2  
+TELEPORTER: 780 1541 2  
+TELEPORTER: 782 1542 2  
+TELEPORTER: 787 1543 2  
+TELEPORTER: 781 1545 2 to west wing 
+TELEPORTER: 789 1545 2  
+TELEPORTER: 780 1546 2 to north hall 
+TELEPORTER: 784 1546 2  
+TELEPORTER: 798 1547 2 teleporter maze 
+TELEPORTER: 791 1548 2  
-STAIRS: 810 1548 2 up 
+TELEPORTER: 782 1550 2  
+TELEPORTER: 784 1550 2  
-POINTOFINTEREST: 5344 1550 0 nest 
-POINTOFINTEREST: 5344 1550 1 nest 
-STAIRS: 836 1551 2 down 
-POINTOFINTEREST: 719 1553 2 a wisp adorned ankh 
+TELEPORTER: 789 1553 2  
-POINTOFINTEREST: 873 1553 2 bust: miron vehl 
+TELEPORTER: 778 1554 2  
-POINTOFINTEREST: 878 1554 2 statue: Martoo Saul 
+TELEPORTER: 747 1555 2 to south room 
+TELEPORTER: 781 1555 2  
+TELEPORTER: 785 1555 2  
+TELEPORTER: 789 1555 2 to south hall 
-OTHER: 883 1555 2 We who remain true shall rise again. 
-POINTOFINTEREST: 876 1556 2 statue: Zendella Kxriss 
+TELEPORTER: 789 1557 2 to west wing 
-OTHER: 881 1557 2 Only then can balance be found 
-POINTOFINTEREST: 874 1558 2 statue: Junin Pince 
-OTHER: 879 1559 2 The true path to Order is through Chaos and the cleansing of all life 
-OTHER: 877 1561 2 Cast out from our world by those who would not believe 
-OTHER: 875 1563 2 In rememberance of our noble leaders 
-POINTOFINTEREST: 139 1566 2 well 
-POINTOFINTEREST: 891 1571 2 rememberance room 
-EXIT: 264 1583 2 Lizardman Passage [ancient wyrm lair] 
-STAIRS: 395 1586 2 Serpentine Passage [Ilshen's Tomb] 
-POINTOFINTEREST: 5170 1586 0 Terathan Temple 
-POINTOFINTEREST: 5170 1586 1 Terathan Temple 
-EXIT: 328 1592 2 Lizardman Passage [lizardman camp] 
-POINTOFINTEREST: 5251 1602 0 lever 
-POINTOFINTEREST: 5251 1602 1 lever 
-POINTOFINTEREST: 5143 1703 0 lever 
-POINTOFINTEREST: 5143 1703 1 lever 
-POINTOFINTEREST: 5342 1743 0 Ophidian territory 
-POINTOFINTEREST: 5342 1743 1 Ophidian territory 
-STAIRS: 5552 1805 0 up 
-STAIRS: 5552 1805 1 up 
-STAIRS: 5469 1806 0 up 
-STAIRS: 5469 1806 1 up 
-POINTOFINTEREST: 5505 1808 0 undead prison 
-POINTOFINTEREST: 5505 1808 1 undead prison 
-STAIRS: 5557 1827 0 down to undead prison 
-STAIRS: 5557 1827 1 down to undead prison 
-POINTOFINTEREST: 5616 1839 0 treasure room 
-POINTOFINTEREST: 5616 1839 1 treasure room 
-POINTOFINTEREST: 5579 1854 0 lich room 
-POINTOFINTEREST: 5579 1854 1 lich room 
-POINTOFINTEREST: 5471 1878 0 harpy room 
-POINTOFINTEREST: 5471 1878 1 harpy room 
-POINTOFINTEREST: 5538 1881 0 chapel 
-POINTOFINTEREST: 5538 1881 1 chapel 
-EXIT: 5579 1927 0 out 
-EXIT: 5579 1927 1 out 
-POINTOFINTEREST: 5410 1933 0 corpser room 
-POINTOFINTEREST: 5410 1933 1 corpser room 
-STAIRS: 5133 1946 0 down 
-STAIRS: 5133 1946 1 down 
-EXIT: 5394 1958 0 in 
-EXIT: 5394 1958 1 in 
-POINTOFINTEREST: 5148 1969 0 Fortress Gate 
-POINTOFINTEREST: 5148 1969 1 Fortress Gate 
-POINTOFINTEREST: 5457 1973 0 gazer room 
-POINTOFINTEREST: 5457 1973 1 gazer room 
-POINTOFINTEREST: 5319 1977 0 Orc Workshop 
-POINTOFINTEREST: 5319 1977 1 Orc Workshop 
-EXIT: 5615 1997 0 out 
-EXIT: 5615 1997 1 out 
-POINTOFINTEREST: 5505 1998 0 harpy room 
-POINTOFINTEREST: 5505 1998 1 harpy room 
-POINTOFINTEREST: 5410 1999 0 corpser room 
-POINTOFINTEREST: 5410 1999 1 corpser room 
-POINTOFINTEREST: 5296 2002 0 Water Vat 
-POINTOFINTEREST: 5296 2002 1 Water Vat 
-POINTOFINTEREST: 5309 2008 0 Smithing Platform 
-POINTOFINTEREST: 5309 2008 1 Smithing Platform 
-POINTOFINTEREST: 5348 2008 0 Earth Elemental Chamber 
-POINTOFINTEREST: 5348 2008 1 Earth Elemental Chamber 
-EXIT: 5137 2020 0 Orc Cave (B) 
-EXIT: 5137 2020 1 Orc Cave (B) 
-EXIT: 5389 2025 0 in 
-EXIT: 5389 2025 1 in 
-POINTOFINTEREST: 5443 2029 0 water elemental room 
-POINTOFINTEREST: 5443 2029 1 water elemental room 
-STAIRS: 5273 2042 0 up 
-STAIRS: 5273 2042 1 up 
