3
-POINTOFINTEREST: 375 1389 5 Tyrannosaurus Rex 
+SCENIC: 611 1408 5 Breakout Falls 
+POINT: 565 1425 5 Dragon Turtle Hatchling Net 
+POINT: 556 1428 5 Karawyn the Sakkhra High Chieftess 
+TOWN: 556 1472 5 Sakkhra Tribe 
+POINT: 542 1494 5 Stretched Dinosaur Hide (stealable) 
+POINT: 425 1575 5 Dragon Turtle Hatchling Net (stealable) 
+POINT: 416 1577 5 Olaufee the Urali High Chieftess 
+TOWN: 410 1593 5 Urali Tribe 
+DUNGEON: 728 1593 5 Cave of the Great Ape 
+SCENIC: 484 1607 5 Ruins 
+SCENIC: 447 1617 5 Urali Swamp 
+POINT: 630 1689 5 Waku on a Spit (stealable) 
-POINTOFINTEREST: 388 1713 5 Dragon Turtle Hatchlings 
+POINT: 651 1713 5 Ogger the Barako High Chief 
+SCENIC: 965 1715 5 Volcano 
+TOWN: 662 1729 5 Barako Tribe 
+POINT: 262 1744 5 Sir Geoffrey 
+SCENIC: 496 1753 5 Drum Hill 
+SCENIC: 103 1778 5 Myrmidex 
+TOWN: 157 1779 5 Barrab Tribe 
+SCENIC: 163 1798 5 Great Mesa 
+POINT: 175 1808 5 Carved Myrmydex Glyph (stealable) 
+POINT: 396 1843 5 Hand Carved White Tiger Figurine (stealable) 
+POINT: 364 1848 5 Ogger the Kurak High Chief 
+TOWN: 357 1852 5 Kurak Tribe 
+SCENIC: 487 1856 5 Pyramid 
+SCENIC: 591 1856 5 Temple 
+MOONGATE: 720 1863 5 Moongate 
-POINTOFINTEREST: 684 1868 5 Hawkwind 
+SCENIC: 644 1902 5 Ruins 
-POINTOFINTEREST: 364 1918 5 Tiger Cub Pens 
+DUNGEON: 915 2015 5 Staircase to Shadowguard 
+POINT: 720 2094 5 Vek the Jukari High Chief 
+TOWN: 694 2099 5 Jukari Tribe 
+DUNGEON: 881 2101 5 Volcano entrance 
+POINT: 689 2125 5 Sacred Lava Rock (stealable) 
+SCENIC: 786 2125 5 Sulphur Pits 
